<html>
<body>
<pre>
<h1>µVision Build Log</h1>
<h2>Tool Versions:</h2>
IDE-Version: µVision V5.24.2.0
Copyright (C) 2017 ARM Ltd and ARM Germany GmbH. All rights reserved.
License Information: Joseph Berman, NCSU, LIC=----
 
Tool Versions:
Toolchain:       MDK-Lite  Version: 5.24.1
Toolchain Path:  C:\Keil_v5\ARM\ARMCC\Bin
C Compiler:      Armcc.exe V5.06 update 5 (build 528)
Assembler:       Armasm.exe V5.06 update 5 (build 528)
Linker/Locator:  ArmLink.exe V5.06 update 5 (build 528)
Library Manager: ArmAr.exe V5.06 update 5 (build 528)
Hex Converter:   FromElf.exe V5.06 update 5 (build 528)
CPU DLL:         SARMCM3.DLL V5.24.1
Dialog DLL:      DARMCM1.DLL V1.18.0.0
Target DLL:      PEMicro\Pemicro_ArmCortexInterface.dll V1.11
Dialog DLL:      TARMCM1.DLL V1.13.0.0
 
<h2>Project:</h2>
C:\Users\Joseph\Desktop\Dry_Run_Code_v1\MultiMotorControl.uvprojx
Project File Date:  03/27/2018

<h2>Output:</h2>
*** Using Compiler 'V5.06 update 5 (build 528)', folder: 'C:\Keil_v5\ARM\ARMCC\Bin'
Rebuild target 'Target 1'
compiling delay.c...
compiling queue.c...
compiling timers.c...
compiling LEDs.c...
compiling UART.c...
src\UART.c(69): warning:  #550-D: variable "temp"  was set but never used
  	uint8_t temp;
src\UART.c(291): warning:  #550-D: variable "ch"  was set but never used
  	uint8_t ch;
src\UART.c: 2 warnings, 0 errors
assembling startup_MKL25Z4.s...
compiling main.c...
src\main.c(45): warning:  #223-D: function "NP_init" declared implicitly
  	NP_init();
src\main.c(49): warning:  #223-D: function "NP_set_pixel" declared implicitly
  			NP_set_pixel(i,0,0,0);
src\main.c(51): warning:  #223-D: function "NP_update" declared implicitly
  	NP_update();
src\main.c(292): warning:  #223-D: function "abs" declared implicitly
  					remaining = abs(m1_expected - enc_pos_1);
src\main.c(327): warning:  #223-D: function "abs" declared implicitly
  					remaining = abs(m2_expected - enc_pos_2);
src\main.c(362): warning:  #223-D: function "abs" declared implicitly
  					remaining = abs(m3_expected - enc_pos_3);
src\main.c(398): warning:  #223-D: function "abs" declared implicitly
  					remaining = abs(m4_expected - enc_pos_4);
src\main.c(433): warning:  #223-D: function "abs" declared implicitly
  					remaining = abs(m5_expected - enc_pos_5);
src\main.c(576): warning:  #223-D: function "NP_set_pixel" declared implicitly
  			NP_set_pixel(in, red, grn, blu);
src\main.c(749): warning:  #187-D: use of "=" where "==" may have been intended
  		if(ch1 = '1'){
src\main.c(752): warning:  #187-D: use of "=" where "==" may have been intended
  		else if(ch1 = '2'){
src\main.c(755): warning:  #187-D: use of "=" where "==" may have been intended
  		else if(ch1 = '3'){
src\main.c(758): warning:  #187-D: use of "=" where "==" may have been intended
  		else if(ch1 = '4'){
src\main.c(761): warning:  #187-D: use of "=" where "==" may have been intended
  		else if(ch1 = '5'){
src\main.c(773): warning:  #223-D: function "NP_set_pixel" declared implicitly
  			NP_set_pixel(i,0,0,0);
src\main.c: 15 warnings, 0 errors
compiling neopixel.c...
src\neopixel.c(133): warning:  #177-D: variable "pbi"  was declared but never referenced
  	uint16_t pbi;
src\neopixel.c(146): warning:  #550-D: variable "x"  was set but never used
  	int x=0;
src\neopixel.c: 2 warnings, 0 errors
compiling system_MKL25Z4.c...
linking...
Program Size: Code=9840 RO-data=352 RW-data=236 ZI-data=2556  
".\Objects\Serial-Demo.axf" - 0 Error(s), 19 Warning(s).

<h2>Software Packages used:</h2>

Package Vendor: ARM
                http://www.keil.com/pack/ARM.CMSIS.5.0.1.pack
                ARM.CMSIS.5.0.1
                CMSIS (Cortex Microcontroller Software Interface Standard)
   * Component: CORE Version: 5.0.1

Package Vendor: Keil
                http://www.keil.com/pack/Keil.Kinetis_KLxx_DFP.1.13.0.pack
                Keil.Kinetis_KLxx_DFP.1.13.0
                NXP Kinetis KLxx Series Device Support and Examples
   * Component: Startup Version: 2.5.0

<h2>Collection of Component include folders:</h2>
  .\RTE\Device\MKL25Z128xxx4
  .\RTE\_Target_1
  C:\Keil_v5\ARM\PACK\ARM\CMSIS\5.0.1\CMSIS\Include
  C:\Keil_v5\ARM\PACK\Keil\Kinetis_KLxx_DFP\1.13.0\Device\Include

<h2>Collection of Component Files used:</h2>

   * Component: Keil::Device:Startup:2.5.0
      Include file:  Device\Source\system_MKL25Z4.h
      Source file:   Device\Source\ARM\startup_MKL25Z4.s
      Source file:   Device\Source\system_MKL25Z4.c

   * Component: ARM::CMSIS:CORE:5.0.1
Build Time Elapsed:  00:00:02
</pre>
</body>
</html>
